[FABRIC:MT] Oculus: Oculus Rift initialized.
[FABRIC:MT] 1
[FABRIC:MT] Oculus: Oculus Rift finalized.
