[FABRIC:MT] Oculus: Oculus Rift initialized.
[FABRIC:MT] Oculus VR
[FABRIC:MT] Oculus: Oculus Rift finalized.
