[FABRIC:MT] Oculus: Oculus Rift initialized.
[FABRIC:MT] Oculus: Oculus Rift configured for tracking.
[FABRIC:MT] received first tracking state.
[FABRIC:MT] Oculus: Oculus Rift finalized.
